<!DOCTYPE html>
<html xmlns="http://www.w3.org/1999/xhtml" xmlns="http://www.w3.org/1999/html" xml:lang="en" lang="en">
<head>
    <title>Failure Test Report</title>
    <link rel="stylesheet" href="https://cdn.jsdelivr.net/gh/lsd-consulting/lsd-core@7/src/main/resources/static/style.min.css">

</head>
<body>
<main role="main">
    
    <h1 class="logo">LSD</h1>
    <h1>Failure Test Report</h1><article id="2">
        <span class="articleStart"></span>
        <h2 class="error">a test name</h2><section class="description error">
            <h3 class="error">Description</h3>
            <p><h4 class="error">&#10060; Failed!</h4>            <a href="#1"><pre>Expected &lt;true&gt; but was &lt;false&gt;</pre></a>
            <div id="1" class="overlay" onclick="location.href='#!';">
                <div class="popup" onclick="event.stopPropagation();">
                    <h2>Stacktrace</h2>
                    <a class="close" href="#!">&times;</a>
                    <div class="content"><pre><code>[Displaying the stacktrace was disabled or no cause was provided]</code></pre></div>
                </div>
            </div></p>
        </section>
        
        
        
    </article>
</main>
</body>
<footer>
    <script src="https://cdn.jsdelivr.net/npm/d3@7"></script>
    <link rel="stylesheet" href="https://cdn.jsdelivr.net/gh/highlightjs/cdn-release@11/build/styles/dark.min.css">
    <script src="https://cdn.jsdelivr.net/gh/lsd-consulting/lsd-core@7/src/main/resources/static/custom.min.js"></script>

    <script>
        addSliderForSvgZoom();
        highlightLifelinesWhenClicked();
    </script>
    <script src="https://cdn.jsdelivr.net/gh/highlightjs/cdn-release@11/build/highlight.min.js"></script>
    <script>hljs.highlightAll();</script>
    <script src="https://cdnjs.cloudflare.com/ajax/libs/mark.js/8.11.1/mark.min.js"></script>
    <script>
        highlightKeywords();
        unMarkSvg();
    </script>
</footer>
</html>
