<!DOCTYPE html>
<html xmlns="http://www.w3.org/1999/xhtml" xmlns="http://www.w3.org/1999/html" xml:lang="en" lang="en">
<head>
    <title>Successful Test Report</title>
    <link rel="stylesheet" href="https://cdn.jsdelivr.net/gh/lsd-consulting/lsd-core@7/src/main/resources/static/style.min.css">

</head>
<body>
<main role="main">
    
    <h1 class="logo">LSD</h1>
    <h1>Successful Test Report</h1><article id="1">
        <span class="articleStart"></span>
        <h2 class="success">a test name</h2><section class="description success">
            <h3 class="success">Description</h3>
            <p><h4 class="success">&#10003; Test Passed</h4></p>
        </section>
        
        
        
    </article>
</main>
</body>
<footer>
    <script src="https://cdn.jsdelivr.net/npm/d3@7"></script>
    <link rel="stylesheet" href="https://cdn.jsdelivr.net/gh/highlightjs/cdn-release@11/build/styles/dark.min.css">
    <script src="https://cdn.jsdelivr.net/gh/lsd-consulting/lsd-core@7/src/main/resources/static/custom.min.js"></script>

    <script>
        addSliderForSvgZoom();
        highlightLifelinesWhenClicked();
    </script>
    <script src="https://cdn.jsdelivr.net/gh/highlightjs/cdn-release@11/build/highlight.min.js"></script>
    <script>hljs.highlightAll();</script>
    <script src="https://cdnjs.cloudflare.com/ajax/libs/mark.js/8.11.1/mark.min.js"></script>
    <script>
        highlightKeywords();
        unMarkSvg();
    </script>
</footer>
</html>
